Tests: 0/6 passed

Failures:
None